
> weekly@0.1.0 build
> next build

   Γû▓ Next.js 15.5.18

   Creating an optimized production build ...
 Γ£ô Compiled successfully in 16.6s
   Skipping linting
   Checking validity of types ...
   Collecting page data ...
node.exe : 
At C:\Program Files\n
odejs\npm.ps1:29 
char:3
+   & $NODE_EXE 
$NPM_CLI_JS $args
+   ~~~~~~~~~~~~~~~~~
~~~~~~~~~~~~
    + CategoryInfo   
           : 
NotSpecified: (:    
String) [], 
RemoteExc    eption
    + 
FullyQualifiedError  
  Id : 
NativeCommandErr    
or
 
> Build error 
occurred
[Error: ENOENT: no 
such file or 
directory, open 'E:\C
odecell-Frontend\.nex
t\build-manifest.json
'] {
  errno: -4058,
  code: 'ENOENT',
  syscall: 'open',
  path: 'E:\\Codecell
-Frontend\\.next\\bui
ld-manifest.json'
}
